Welcome to Scrabble!
-------------------
Menu
----
1. New Game
2. Load Game
3. Credits (Show student information)
4. Quit

Type "help" for further information

> 
To start a new game, enter '1'.
To load a past game, enter  '2'.
To show the credits of our application, enter '3'.
To safely quit the application, enter '4'.

> Goodbye
