Welcome to Scrabble!
-------------------
Menu
----
1. New Game
2. Load Game
3. Credits (Show student information)
4. Quit

> ----------------------------------
Name: Jed Opie
Student ID: s3868658
Email: s3868658@student.rmit.edu.au

Name: Mohamed Nur
Student ID: s3841634
Email: s3841634@student.rmit.edu.au

Name: Mohammad Abu Taleb Rifat
Student ID: s3833673
Email: s3833673@student.rmit.edu.au

Name: Xiu Bin Guo
Student ID: s3841074
Email: s3841074@student.rmit.edu.au
----------------------------------

Welcome to Scrabble!
-------------------
Menu
----
1. New Game
2. Load Game
3. Credits (Show student information)
4. Quit

> Goodbye
