Welcome to Scrabble!
-------------------
Menu
----
1. New Game
2. Load Game
3. Credits (Show student information)
4. Quit

> Starting a New Game 

Enter a name for Player 1 (Uppercase characters only)
> Sorry, please enter a name with uppercase characters


Enter a name for Player 2 (Uppercase characters only)
> Sorry, please enter a name with uppercase characters
